// Jest Snapshot v1, https://goo.gl/fbAQLP

exports[`TEST: App Should make match with the snapshot 1`] = `
<div>
  <h1
    data-testid="test-title"
  >
    Dark Souls
  </h1>
  <h2
    data-testid="test-subtitle"
  />
</div>
`;
